[www.shipito.com/fr/index.html]
[backblue.gif]
[fade.gif]
[index.html]
[cdnjs.cloudflare.com/ajax/libs/twitter-bootstrap/3.3.7/css/bootstrap.min.css]
[cdnjs.cloudflare.com/ajax/libs/font-awesome/4.7.0/css/font-awesome.min.css]
[ajax.googleapis.com/ajax/libs/jquery/1.11.3/jquery.min.js]
[cdnjs.cloudflare.com/ajax/libs/twitter-bootstrap/3.3.7/js/bootstrap.min.js]
[www.shipito.com/scripts/v2/countrypicker.js]
[unpkg.com/aos@2.3.1/dist/aos.js]
[www.shipito.com/scripts/publicscripts.js]
[www.shipito.com/styles/v2/common.css]
[www.shipito.com/styles/v2/icons.css]
[www.shipito.com/styles/v2/ststyles.css]
[www.shipito.com/styles/v2/flags.css]
[www.shipito.com/styles/v2/landingpage.css]
[www.shipito.com/styles/v2/calculator.css]
[www.shipito.com/styles/v2/aos.css]
[www.shipito.com/fr/signup.html]
[www.shipito.com/fr/shipping-calculator.html]
[www.shipito.com/fr/shipito-rewards.html]
[www.shipito.com/fr/shipito-for-business.html]
[www.shipito.com/fr/shipito-pricing.html]
[www.shipito.com/fr/help/faq.html]
[www.shipito.com/fr/help/postage.html]
[www.shipito.com/fr/help/tutorials/prohibited-items.html]
[www.shipito.com/fr/services/what-is-shipito.html]
[www.shipito.com/fr/help/locations.html]
[www.shipito.com/fr/shipito-reviews.html]
[www.shipito.com/fr/shipito-affiliates.html]
[www.shipito.com/fr/shipito-for-direct-sales.html]
[www.shipito.com/fr/contact]
[www.shipito.com/fr/imgs/navigation/email.svg]
[www.shipito.com/fr/imgs/navigation/email_m.svg]
[www.shipito.com/fr/imgs/home/HomeBanner_REV1.jpg]
[www.shipito.com/fr/imgs/home/Banner2-492.jpg]
[www.shipito.com/fr/imgs/home/TopBanner3.jpg]
[www.shipito.com/fr/imgs/home/HomeBannerMobileRev1.jpg]
[www.shipito.com/fr/imgs/home/Home_NewImg1.svg]
[www.shipito.com/fr/imgs/home/logo_black.svg]
[www.shipito.com/fr/imgs/home/BannerArrowLeft.svg]
[www.shipito.com/fr/imgs/home/BannerArrow.svg]
[www.shipito.com/fr/imgs/home/BrandsUS.svg]
[www.shipito.com/fr/imgs/home/play.svg]
[www.shipito.com/fr/imgs/home/Video_Icon.png]
[www.shipito.com/fr/imgs/home/step1.svg]
[www.shipito.com/fr/imgs/home/step2.svg]
[www.shipito.com/fr/imgs/home/step3.svg]
[www.shipito.com/fr/imgs/home/brands/6pm.svg]
[www.shipito.com/fr/imgs/home/brands/Zappos.svg]
[www.shipito.com/fr/imgs/home/brands/Polo.svg]
[www.shipito.com/fr/imgs/home/brands/Gap.svg]
[www.shipito.com/fr/imgs/home/brands/Forever21.svg]
[www.shipito.com/fr/imgs/home/brands/eBay.svg]
[www.shipito.com/fr/imgs/home/brands/Gilt.svg]
[www.shipito.com/fr/imgs/home/brands/Target.svg]
[www.shipito.com/fr/imgs/home/brands/OshKosh.svg]
[www.shipito.com/fr/imgs/home/brands/HM.svg]
[www.shipito.com/fr/imgs/home/brands/Ipsy.svg]
[www.shipito.com/fr/imgs/home/brands/Amazon.svg]
[www.shipito.com/fr/imgs/home/brands/AmericanEagle.svg]
[www.shipito.com/fr/imgs/home/brands/FootLocker.png]
[www.shipito.com/fr/imgs/home/brands/Sephora.svg]
[www.shipito.com/fr/imgs/home/brands/Disney.svg]
[www.shipito.com/fr/imgs/home/brands/VS.svg]
[www.shipito.com/fr/imgs/home/brands/JCrew.svg]
[www.shipito.com/fr/imgs/home/brands/Dell.svg]
[www.shipito.com/fr/consolidation_landing.html]
[www.shipito.com/fr/imgs/home/brands/Walmart.svg]
[www.shipito.com/fr/imgs/fast-mailout/French.svg]
[www.shipito.com/fr/services/fast-mailout.html]
[www.shipito.com/fr/imgs/home/youshop/YouShop1.jpg]
[www.shipito.com/fr/imgs/home/youshop/YouShop2.svg]
[www.shipito.com/fr/imgs/home/youshop/YouShop3.svg]
[www.shipito.com/fr/imgs/home/youshop/YouShop5.svg]
[www.shipito.com/fr/services/shopping-assistance.html]
[www.shipito.com/fr/imgs/home/weshop/WeShop1.svg]
[www.shipito.com/fr/imgs/home/weshop/WeShop2.svg]
[www.shipito.com/fr/imgs/home/weshop/WeShop3.svg]
[www.shipito.com/fr/imgs/home/reasons/SaveShipping.svg]
[www.shipito.com/fr/imgs/home/reasons/Consolidation.svg]
[www.shipito.com/fr/imgs/home/reasons/Photos.svg]
[www.shipito.com/fr/imgs/home/reasons/90_storageterm.svg]
[www.shipito.com/fr/imgs/home/reasons/TaxFree.svg]
[www.shipito.com/fr/imgs/home/reasons/CustomerSupport.svg]
[www.shipito.com/fr/imgs/home/PopularItems1.png]
[www.shipito.com/fr/imgs/home/youshop/YouShop4_Rev12.15.20.svg]
[www.shipito.com/fr/imgs/home/PopularItems2.png]
[www.shipito.com/fr/imgs/home/PopularItems3.png]
[www.shipito.com/fr/imgs/home/PopularItems4.png]
[www.shipito.com/fr/imgs/home/PopularItems5.png]
[www.shipito.com/fr/imgs/home/PopularItems6.png]
[www.shipito.com/fr/imgs/home/PopularItemsArrowLeft.svg]
[www.shipito.com/fr/imgs/home/PopularItemsArrow.svg]
[www.shipito.com/fr/imgs/navigation/CompetitivePricing.svg]
[www.shipito.com/fr/imgs/navigation/InternationalDelivery.svg]
[www.shipito.com/fr/imgs/navigation/SecurePayment.svg]
[www.shipito.com/fr/imgs/navigation/ShopSafely.svg]
[www.shipito.com/fr/newsroom/index.html]
[www.shipito.com/fr/us-unlocked.html]
[www.shipito.com/fr/privacy-policy.html]
[www.shipito.com/fr/shipito-terms.html]
[www.shipito.com/fr/imgs/navigation/BackToTop.svg]
[www.shipito.com/fr/index.html]
[cdnjs.cloudflare.com/ajax/libs/twitter-bootstrap/3.3.7/css/bootstrap.min.css]
[cdnjs.cloudflare.com/ajax/libs/font-awesome/4.7.0/css/font-awesome.min.css]
[www.googletagmanager.com/gtm5445.html]
[www.shipito.com/styles/v2/common.css]
[cdn.livechatinc.com/tracking.js]
[www.shipito.com/styles/v2/icons.css]
[www.shipito.com/styles/v2/ststyles.css]
[www.shipito.com/styles/v2/flags.css]
[www.shipito.com/styles/v2/landingpage.css]
[www.shipito.com/styles/v2/fonts/icomoonb3ae.svg]
[www.shipito.com/en/imgs/calculator/BannerBKGD_Mobile.png]
[www.shipito.com/styles/v2/calculator.css]
[www.shipito.com/styles/v2/aos.css]
[cdnjs.cloudflare.com/ajax/libs/bootstrap-datepicker/1.4.0/css/bootstrap-datepicker.min.css]
[cdnjs.cloudflare.com/ajax/libs/bootstrap-3-typeahead/4.0.2/bootstrap3-typeahead.min.js]
[cdnjs.cloudflare.com/ajax/libs/bootstrap-datepicker/1.4.0/js/bootstrap-datepicker.min.js]
[www.shipito.com/JavaScript/objects/vector.js]
[www.shipito.com/JavaScript/objects/hashtable.js]
[www.shipito.com/JavaScript/validation/numbers.js]
[www.shipito.com/JavaScript/validation/formatters.js]
[www.shipito.com/JavaScript/validation/formvalidatorbs_2.1.0.js]
[www.shipito.com/scripts/signupscripts.js]
[connect.facebook.net/en_US/sdk.js]
[www.shipito.com/fr/signup-form8e65.html]
[www.shipito.com/fr/signup.html]
[cdnjs.cloudflare.com/ajax/libs/bootstrap-slider/10.2.0/bootstrap-slider.min.js]
[cdnjs.cloudflare.com/ajax/libs/bootstrap-slider/10.2.0/css/bootstrap-slider.min.css]
[www.shipito.com/fr/imgs/calculator/English_Outline.svg]
[www.shipito.com/fr/shipping-calculator.html]
[www.shipito.com/fr/imgs/pricing/MobileBanner.svg]
[www.shipito.com/fr/signup8e65.html]
[www.shipito.com/fr/signupd2ed.html]
[www.shipito.com/fr/signupf4c3.html]
[www.shipito.com/fr/imgs/pricing/Information.svg]
[www.shipito.com/fr/imgs/rewards/icons/AnnualMembership.svg]
[www.shipito.com/fr/imgs/rewards/icons/largepackage.svg]
[www.shipito.com/fr/imgs/rewards/icons/smallpackage.svg]
[www.shipito.com/fr/imgs/rewards/icons/Service 2.svg]
[www.shipito.com/fr/imgs/rewards/icons/ReferAFriend1.svg]
[www.shipito.com/fr/imgs/rewards/icons/ReferAFriend2.svg]
[www.shipito.com/fr/shipito-rewards.html]
[www.shipito.com/fr/imgs/business/BusinessBannerREV.jpg]
[www.shipito.com/fr/imgs/business/BusinessBanner_Mobile.jpg]
[www.shipito.com/fr/imgs/business/Globe.svg]
[www.shipito.com/fr/imgs/landing/verishop/Verishop_1.jpg]
[www.shipito.com/fr/imgs/landing/verishop/Verishop_2.jpg]
[www.shipito.com/fr/imgs/business/fulfill/VideoThumbnailBusiness2.svg]
[www.shipito.com/fr/shipito-for-business/returns.html]
[www.shipito.com/fr/imgs/landing/verishop/Verishop_3.jpg]
[www.shipito.com/fr/shipito-for-business/fulfillment.html]
[www.shipito.com/fr/imgs/landing/verishop/VerishopAPI&Intergrations.svg]
[www.shipito.com/fr/shipito-for-business/api.html]
[www.shipito.com/fr/imgs/business/Business1.jpg]
[www.shipito.com/fr/imgs/business/Business2.jpg]
[www.shipito.com/fr/imgs/business/Business3.jpg]
[www.shipito.com/fr/imgs/business/Business4.jpg]
[www.shipito.com/fr/shipito-for-business.html]
[www.shipito.com/fr/imgs/pricing/SpecialServiceBannerPhoto.jpg]
[www.shipito.com/fr/imgs/pricing/SpecialServiceMobileBanner.jpg]
[www.shipito.com/fr/imgs/pricing/Service 1.svg]
[www.shipito.com/fr/imgs/pricing/Service 2.svg]
[www.shipito.com/fr/imgs/pricing/Service 3.svg]
[www.shipito.com/fr/imgs/pricing/Service 4.svg]
[www.shipito.com/fr/imgs/pricing/Service 5.svg]
[www.shipito.com/fr/imgs/pricing/Service 6.svg]
[www.shipito.com/fr/imgs/pricing/Service 7.svg]
[www.shipito.com/fr/imgs/pricing/Service 8.svg]
[www.shipito.com/fr/imgs/pricing/Service 9.svg]
[www.shipito.com/fr/imgs/pricing/Overweight.svg]
[www.shipito.com/fr/imgs/pricing/WarehouseIcon.svg]
[www.shipito.com/fr/shipito-pricing.html]
[www.shipito.com/fr/imgs/help/faq/BannerPhoto1200.jpg]
[www.shipito.com/fr/imgs/help/faq/BannerPhoto.jpg]
[www.shipito.com/fr/imgs/help/faq/MobileBanner.jpg]
[www.shipito.com/fr/imgs/help/1.svg]
[www.shipito.com/fr/help/faq/packages.html]
[www.shipito.com/fr/help/faq/getting-started.html]
[www.shipito.com/fr/imgs/help/2.svg]
[www.shipito.com/fr/imgs/help/3.svg]
[www.shipito.com/fr/help/faq/account-navigation.html]
[www.shipito.com/fr/imgs/help/4.svg]
[www.shipito.com/fr/help/faq/carrier-tracking.html]
[www.shipito.com/fr/imgs/help/5.svg]
[www.shipito.com/fr/help/faq/customs.html]
[www.shipito.com/fr/imgs/help/6.svg]
[www.shipito.com/fr/help/faq/services.html]
[www.shipito.com/fr/imgs/help/8.svg]
[www.shipito.com/fr/help/faq/payments.html]
[www.shipito.com/fr/imgs/help/9.svg]
[www.shipito.com/fr/help/faq/claims.html]
[www.shipito.com/fr/imgs/help/11.svg]
[www.shipito.com/fr/help/faq/affiliate-faq.html]
[www.shipito.com/fr/imgs/help/AffiliateIcon.svg]
[www.shipito.com/fr/help/faq/shipito-membership-faq.html]
[www.shipito.com/fr/imgs/help/packages.svg]
[www.shipito.com/fr/help/faq.html]
[www.shipito.com/fr/imgs/shipmethods/Banner Image.jpg]
[www.shipito.com/fr/imgs/navigation/DownArrow.svg]
[www.shipito.com/fr/imgs/navigation/UpArrow.svg]
[www.shipito.com/fr/imgs/shipmethods/Note.svg]
[www.shipito.com/fr/imgs/shipmethods/Size.svg]
[www.shipito.com/fr/imgs/shipmethods/Tracking.svg]
[www.shipito.com/fr/imgs/shipmethods/Weight.svg]
[www.shipito.com/fr/imgs/shipmethods/Dimbox_French.jpg]
[www.shipito.com/fr/imgs/shipmethods/UPS_logo2.svg]
[www.shipito.com/fr/imgs/navigation/ExclamationMark.svg]
[www.shipito.com/fr/imgs/shipmethods/Preferred Carrier.svg]
[www.shipito.com/fr/imgs/shipmethods/DHL_Express.svg]
[www.shipito.com/fr/imgs/shipmethods/ShipitoAsiaDirect.svg]
[www.shipito.com/fr/help/postage.html]
[www.shipito.com/styles/v2/prohibited-items.css]
[www.shipito.com/fr/imgs/prohibited/X.svg]
[www.shipito.com/fr/imgs/prohibited/Checkmark.svg]
[www.shipito.com/fr/imgs/prohibited/AlcoholProhibitionUSA_Rev (1).svg]
[www.shipito.com/fr/imgs/prohibited/AlcoholProhibitionAustria_Rev.svg]
[www.shipito.com/fr/imgs/prohibited/AlcoholProhibitionJapan.svg]
[www.shipito.com/scripts/main.js]
[www.shipito.com/fr/help/tutorials/prohibited-items.html]
[www.shipito.com/fr/imgs/whatisshipito/WhatIsShipito.jpg]
[www.shipito.com/fr/imgs/whatisshipito/Logos.png]
[www.shipito.com/fr/imgs/whatisshipito/Logos_Mobile.png]
[www.shipito.com/fr/services/what-is-shipito.html]
[www.shipito.com/en/imgs/locations/LocationsTopBanner.png]
[www.shipito.com/en/imgs/locations/California1.png]
[www.shipito.com/en/imgs/locations/California2.png]
[www.shipito.com/en/imgs/locations/California3.png]
[www.shipito.com/en/imgs/locations/California4.png]
[www.shipito.com/en/imgs/locations/California5.png]
[www.shipito.com/en/imgs/locations/Oregon1.png]
[www.shipito.com/en/imgs/locations/Oregon2.png]
[www.shipito.com/en/imgs/locations/Oregon3-1.jpg]
[www.shipito.com/en/imgs/locations/Oregon4.png]
[www.shipito.com/en/imgs/locations/Oregon5.png]
[www.shipito.com/en/imgs/locations/Austria1.png]
[www.shipito.com/en/imgs/locations/Austria2.png]
[www.shipito.com/en/imgs/locations/Austria3.png]
[www.shipito.com/en/imgs/locations/Austria4.png]
[www.shipito.com/en/imgs/locations/Austria5.png]
[www.shipito.com/en/imgs/locations/Japan1.jpg]
[www.shipito.com/en/imgs/locations/Japan2.jpg]
[www.shipito.com/en/imgs/locations/Japan3.jpg]
[www.shipito.com/en/imgs/locations/Japan4.jpg]
[www.shipito.com/en/imgs/locations/Japan5.jpg]
[www.shipito.com/en/imgs/locations/dhl@2x.png]
[www.shipito.com/en/imgs/locations/usps@2x.png]
[www.shipito.com/en/imgs/locations/ups@2x.png]
[www.shipito.com/en/imgs/locations/airmail@2x.png]
[www.shipito.com/en/imgs/locations/boxberry@2x.png]
[www.shipito.com/en/imgs/locations/PExpress.png]
[www.shipito.com/en/imgs/locations/post@2x.png]
[www.shipito.com/en/imgs/locations/aramex@2x.png]
[www.shipito.com/en/imgs/locations/sgh@2x.png]
[www.shipito.com/en/imgs/locations/austrian post@2x.png]
[www.shipito.com/en/imgs/locations/fedex@2x.png]
[www.shipito.com/fr/help/locations.html]
[www.shipito.com/fr/imgs/reviews/CustomerReviewHeader.png]
[www.shipito.com/fr/imgs/navigation/Check mark.svg]
[widget.trustpilot.com/bootstrap/v5/tp.widget.bootstrap.min.js]
[www.shipito.com/fr/imgs/reviews/CustomerReview1.jpg]
[www.shipito.com/fr/imgs/reviews/CustomerReview2.jpg]
[www.shipito.com/fr/imgs/reviews/CustomerReview3.png]
[www.shipito.com/fr/imgs/reviews/countries/USA.png]
[www.shipito.com/scripts/responsive_waterfall.js]
[www.shipito.com/fr/shipito-reviews.html]
[www.shipito.com/fr/imgs/affiliate/AffiliateProgram_Banner1.svg]
[www.shipito.com/fr/imgs/affiliate/AffiliateProgram_BannerMobile.svg]
[www.shipito.com/fr/imgs/affiliate/flowchart1.svg]
[www.shipito.com/fr/imgs/affiliate/speechbubble2.svg]
[www.shipito.com/fr/imgs/affiliate/flowchart1m1.svg]
[www.shipito.com/fr/imgs/affiliate/flowchart1m2.svg]
[www.shipito.com/fr/imgs/affiliate/flowchart2.svg]
[www.shipito.com/fr/imgs/affiliate/Andrew.svg]
[www.shipito.com/fr/imgs/affiliate/Anny.svg]
[www.shipito.com/fr/imgs/affiliate/Bruno.svg]
[www.shipito.com/fr/imgs/affiliate/David.svg]
[www.shipito.com/fr/imgs/affiliate/AffiliatePrograme_How1.png]
[www.shipito.com/fr/imgs/affiliate/AffiliateSignUp_Mobile.png]
[www.shipito.com/fr/shipito-affiliates.html]
[www.shipito.com/fr/imgs/directsales/PartnersBanner_Rev.jpg]
[www.shipito.com/fr/imgs/directsales/Partners_Globe.svg]
[www.shipito.com/fr/imgs/directsales/Partners_HeaderMobile_Rev.jpg]
[www.shipito.com/fr/imgs/directsales/Partner_Step1Cropped.svg]
[www.shipito.com/fr/imgs/directsales/Partner_Step2a Cropped.svg]
[www.shipito.com/fr/imgs/directsales/Partner_Step2bRev.svg]
[www.shipito.com/fr/imgs/directsales/Partner_Step3Cropped.svg]
[www.shipito.com/fr/imgs/directsales/Partner_Step4_6.15.23.svg]
[www.shipito.com/fr/imgs/directsales/Partner_Step4_M_6.15.23.svg]
[www.shipito.com/fr/imgs/directsales/Global-Access-Logo-White-LL.png]
[www.shipito.com/fr/imgs/directsales/PartnersImage2.jpg]
[www.shipito.com/fr/shipito-for-direct-sales.html]
[www.shipito.com/fr/contact.html]
[www.shipito.com/fr/imgs/navigation/email.svg]
[www.shipito.com/fr/imgs/navigation/email_m.svg]
[www.shipito.com/fr/imgs/home/Home_NewImg1.svg]
[www.shipito.com/fr/imgs/home/logo_black.svg]
[www.shipito.com/fr/imgs/home/BrandsUS.svg]
[www.shipito.com/fr/imgs/home/BannerArrowLeft.svg]
[www.shipito.com/fr/imgs/home/BannerArrow.svg]
[www.shipito.com/fr/shipitovideo.html]
[www.shipito.com/fr/imgs/home/play.svg]
[www.shipito.com/fr/imgs/home/step1.svg]
[www.shipito.com/fr/imgs/home/step2.svg]
[www.shipito.com/fr/imgs/home/step3.svg]
[www.shipito.com/fr/imgs/home/brands/6pm.svg]
[www.shipito.com/fr/imgs/home/brands/Zappos.svg]
[www.shipito.com/fr/imgs/home/brands/eBay.svg]
[www.shipito.com/fr/imgs/home/brands/Polo.svg]
[www.shipito.com/fr/imgs/home/brands/Gap.svg]
[www.shipito.com/fr/imgs/home/brands/Forever21.svg]
[www.shipito.com/fr/imgs/home/brands/Gilt.svg]
[www.shipito.com/fr/imgs/home/brands/Target.svg]
[www.shipito.com/fr/imgs/home/brands/Amazon.svg]
[www.shipito.com/fr/imgs/home/brands/OshKosh.svg]
[www.shipito.com/fr/imgs/home/brands/AmericanEagle.svg]
[www.shipito.com/fr/imgs/home/brands/HM.svg]
[www.shipito.com/fr/imgs/home/brands/Ipsy.svg]
[www.shipito.com/fr/imgs/home/brands/Disney.svg]
[www.shipito.com/fr/imgs/home/brands/Dell.svg]
[www.shipito.com/fr/imgs/home/brands/Sephora.svg]
[www.shipito.com/fr/imgs/home/brands/VS.svg]
[www.shipito.com/fr/imgs/home/brands/JCrew.svg]
[www.shipito.com/fr/imgs/home/brands/Walmart.svg]
[www.shipito.com/fr/imgs/home/close.svg]
[www.shipito.com/fr/imgs/consolidation/ConsolidationBanner_2.jpg]
[www.shipito.com/fr/imgs/LowerBanner3.svg]
[www.shipito.com/fr/imgs/LowerBanner2.svg]
[www.shipito.com/fr/imgs/steps-complete-bg.png]
[www.shipito.com/en/imgs/consolidation/Consolidation_Mobile.jpg]
[www.shipito.com/fr/imgs/consol-steps.png]
[www.shipito.com/fr/imgs/Step1.svg]
[www.shipito.com/fr/imgs/Step2.svg]
[www.shipito.com/fr/imgs/Step3.svg]
[www.shipito.com/fr/imgs/LowerBanner1.svg]
[www.shipito.com/fr/consolidation_landing.html]
[www.shipito.com/fr/imgs/fast-mailout/French.svg]
[www.shipito.com/fr/imgs/Step4.svg]
[www.shipito.com/fr/imgs/fast-mailout/topbannerm-fm.svg]
[www.shipito.com/fr/imgs/fast-mailout/FastMailoutImage1-1.jpg]
[www.shipito.com/fr/imgs/fast-mailout/3-stepsFastMailout.png]
[www.shipito.com/fr/imgs/fast-mailout/FastMailoutStep1.png]
[www.shipito.com/fr/imgs/locations/Map CA.svg]
[www.shipito.com/fr/imgs/locations/Map OR.svg]
[www.shipito.com/fr/imgs/locations/Map AU.svg]
[www.shipito.com/fr/imgs/howitworks/Assects_down arrow.svg]
[www.shipito.com/fr/imgs/fast-mailout/shipmethods_7.6.23.svg]
[www.shipito.com/fr/imgs/fast-mailout/paymethods.svg]
[www.shipito.com/fr/imgs/fast-mailout/FastMailoutStep3.svg]
[www.shipito.com/fr/imgs/fast-mailout/FastMailoutImage2.jpg]
[www.shipito.com/fr/imgs/fast-mailout/FastMailoutImage3.jpg]
[www.shipito.com/fr/services/fast-mailout.html]
[www.shipito.com/fr/imgs/home/youshop/YouShop2.svg]
[www.shipito.com/fr/imgs/home/youshop/YouShop3.svg]
[www.shipito.com/fr/imgs/home/youshop/YouShop4_Rev12.15.20.svg]
[www.shipito.com/fr/imgs/home/youshop/YouShop5.svg]
[www.shipito.com/fr/imgs/assistedpurchase/download.jpg]
[www.shipito.com/fr/imgs/asssistedpurchase/download-1.jpg]
[www.shipito.com/fr/imgs/assistedpurchase/WeShopForYou.jpg]
[www.shipito.com/fr/imgs/assistedpurchase/1bluestep.png]
[www.shipito.com/fr/imgs/assistedpurchase/circle1.svg]
[www.shipito.com/fr/imgs/assistedpurchase/step1.svg]
[www.shipito.com/fr/imgs/assistedpurchase/Computer1.png]
[www.shipito.com/fr/imgs/assistedpurchase/Phone1.png]
[www.shipito.com/fr/imgs/assistedpurchase/ss2c.png]
[www.shipito.com/fr/imgs/assistedpurchase/ss2mc.png]
[www.shipito.com/fr/imgs/assistedpurchase/2bluestep.png]
[www.shipito.com/fr/imgs/assistedpurchase/circle2.svg]
[www.shipito.com/fr/imgs/assistedpurchase/step2.svg]
[www.shipito.com/fr/imgs/assistedpurchase/ss3c.png]
[www.shipito.com/fr/imgs/assistedpurchase/ss3mc.png]
[www.shipito.com/fr/imgs/assistedpurchase/3bluestep.png]
[www.shipito.com/fr/imgs/assistedpurchase/circle3.svg]
[www.shipito.com/fr/imgs/assistedpurchase/step8.svg]
[www.shipito.com/fr/imgs/assistedpurchase/ss4c.png]
[www.shipito.com/fr/imgs/assistedpurchase/ss4mc.png]
[www.shipito.com/fr/imgs/assistedpurchase/selectapc.png]
[www.shipito.com/fr/imgs/assistedpurchase/selectapmc.png]
[www.shipito.com/fr/imgs/assistedpurchase/Passport.svg]
[www.shipito.com/fr/imgs/assistedpurchase/ID.svg]
[www.shipito.com/fr/imgs/assistedpurchase/packages.svg]
[www.shipito.com/fr/imgs/assistedpurchase/CreditCard.svg]
[www.shipito.com/fr/imgs/assistedpurchase/Bitpay.svg]
[www.shipito.com/fr/imgs/assistedpurchase/Wire.svg]
[www.shipito.com/fr/imgs/assistedpurchase/Worker1.png]
[www.shipito.com/fr/imgs/assistedpurchase/Worker2.png]
[www.shipito.com/fr/imgs/assistedpurchase/Worker3.png]
[www.shipito.com/fr/services/shopping-assistance.html]
[www.shipito.com/fr/imgs/home/weshop/WeShop1.svg]
[www.shipito.com/fr/imgs/home/weshop/WeShop2.svg]
[www.shipito.com/fr/imgs/home/weshop/WeShop3.svg]
[www.shipito.com/fr/imgs/home/reasons/SaveShipping.svg]
[www.shipito.com/fr/imgs/home/reasons/Consolidation.svg]
[www.shipito.com/fr/imgs/home/reasons/Photos.svg]
[www.shipito.com/fr/imgs/home/reasons/90_storageterm.svg]
[www.shipito.com/fr/imgs/home/reasons/TaxFree.svg]
[www.shipito.com/fr/imgs/home/reasons/CustomerSupport.svg]
[www.shipito.com/fr/imgs/home/PopularItemsArrowLeft.svg]
[www.shipito.com/fr/imgs/home/PopularItemsArrow.svg]
[www.shipito.com/fr/imgs/navigation/CompetitivePricing.svg]
[www.shipito.com/fr/imgs/navigation/InternationalDelivery.svg]
[www.shipito.com/fr/imgs/navigation/SecurePayment.svg]
[www.shipito.com/fr/imgs/navigation/ShopSafely.svg]
[www.shipito.com/fr/imgs/newsroom/UKSEO.jpg]
[www.shipito.com/fr/imgs/newsroom/UKSEOMobile_2.jpg]
[www.shipito.com/fr/imgs/Newsverishop1.0.jpg]
[www.shipito.com/fr/newsroom/shipito-announces-partnership-with-verishop-nov-22.html]
[www.shipito.com/fr/newsroom/shipito-launches-shipito-for-business-oct-22.html]
[www.shipito.com/fr/imgs/news-s4b-launch.jpg]
[www.shipito.com/fr/newsroom/see-shipito-on-rtl-oct-22.html]
[www.shipito.com/fr/imgs/Blog_RTL_Press1.jpg]
[www.shipito.com/fr/newsroom/index.html]
[www.shipito.com/fr/imgs/usunlocked/US_Unlocked_Image1.jpg]
[www.shipito.com/fr/imgs/signup/Map.svg]
[www.shipito.com/fr/imgs/usunlocked/US_Unlocked_Banner.jpg]
[www.shipito.com/fr/imgs/usunlocked/US_Unlocked_HeaderMobile2.jpg]
[www.shipito.com/fr/imgs/usunlocked/CARD1.png]
[www.shipito.com/fr/us-unlocked.html]
[www.shipito.com/fr/privacy-policy.html]
[www.shipito.com/fr/imgs/usunlocked/US_Unlocked.svg]
[www.shipito.com/fr/shipito-terms.html]
[www.shipito.com/fr/imgs/navigation/BackToTop.svg]
[cdn.livechatinc.com/cloud/indexb471.html]
[www.shipito.com/styles/v2/fonts/icomoonb3ae.html]
[www.shipito.com/styles/v2/fonts/icomoonb3ae-2.html]
[www.shipito.com/styles/v2/fonts/icomoonb3ae-3.html]
[www.shipito.com/styles/v2/fonts/icomoonb3ae.svg]
[cdnjs.cloudflare.com/ajax/libs/bootstrap-datepicker/1.4.0/css/bootstrap-datepicker.min.css]
[connect.facebook.net/en_US/sdk.js]
[bitpay.com/bitpay.min.js]
[www.shipito.com/scripts/popups.js]
[www.shipito.com/styles/account/styles.css]
[www.shipito.com/styles/account/securestyles.css]
[www.shipito.com/styles/v2/popups.css]
[www.shipito.com/fr/signup-form8e65.html]
[cdnjs.cloudflare.com/ajax/libs/bootstrap-slider/10.2.0/css/bootstrap-slider.min.css]
[www.shipito.com/fr/imgs/calculator/English_Outline.svg]
[www.shipito.com/fr/imgs/pricing/MobileBanner.svg]
[www.shipito.com/fr/imgs/navigation/Language icon.svg]
[www.shipito.com/fr/signup8e65.html]
[www.shipito.com/fr/signupd2ed.html]
[www.shipito.com/fr/signupf4c3.html]
[www.shipito.com/fr/imgs/pricing/Information.svg]
[www.shipito.com/fr/imgs/rewards/icons/AnnualMembership.svg]
[www.shipito.com/fr/imgs/rewards/icons/largepackage.svg]
[www.shipito.com/fr/imgs/rewards/icons/smallpackage.svg]
[www.shipito.com/fr/imgs/rewards/icons/Service 2.svg]
[www.shipito.com/fr/imgs/rewards/icons/ReferAFriend1.svg]
[www.shipito.com/fr/imgs/rewards/icons/ReferAFriend2.svg]
[www.shipito.com/fr/imgs/business/Globe.svg]
[www.shipito.com/fr/imgs/business/fulfill/VideoThumbnailBusiness2.svg]
[www.shipito.com/fr/shipito-for-business-video.html]
[www.shipito.com/fr/imgs/business/returns/ReturnBanner.jpg]
[www.shipito.com/fr/imgs/navigation/steps-complete-bg.png]
[www.shipito.com/fr/imgs/business/returns/Returns1.jpg]
[www.shipito.com/fr/imgs/business/returns/Returns3.svg]
[www.shipito.com/fr/imgs/returns/Returns5.jpg]
[www.shipito.com/fr/imgs/business/returns/Returns4.svg]
[www.shipito.com/fr/imgs/amazon270.png]
[www.shipito.com/fr/imgs/Shopify270.png]
[www.shipito.com/fr/imgs/ebay.png]
[www.shipito.com/fr/imgs/returns/ReturnsChecked.svg]
[www.shipito.com/fr/imgs/returns/Returns_PackageProcessing.svg]
[www.shipito.com/fr/imgs/returns/Returns_OneOpen-boxPhoto.svg]
[www.shipito.com/fr/imgs/returns/Returns_DescriptionOfContents .svg]
[www.shipito.com/fr/imgs/returns/Triangle.svg]
[www.shipito.com/fr/imgs/business/api/Crown.svg]
[www.shipito.com/fr/imgs/returns/Returns_VisualDamage.svg]
[www.shipito.com/fr/imgs/business/returns/Returns2.svg]
[www.shipito.com/fr/imgs/returns/Returns_3Photos.svg]
[www.shipito.com/fr/imgs/returns/ReturnsWorkflow1.svg]
[www.shipito.com/fr/imgs/returns/ReturnsWorkflow2.svg]
[js.hsforms.net/forms/embed/v2.js]
[www.shipito.com/fr/imgs/returns/ReturnsWorkflow3.svg]
[www.shipito.com/fr/imgs/returns/ReturnsWorkflow4.svg]
[www.shipito.com/fr/imgs/returns/ReturnsWorkflow5.svg]
[www.shipito.com/fr/imgs/returns/ReturnsWorkflow6-1.svg]
[www.shipito.com/fr/imgs/navigation/6StepsReturns.png]
[www.shipito.com/fr/shipito-for-business/returns.html]
[www.shipito.com/fr/imgs/business/fulfill/FulfillmentBanner.jpg]
[www.shipito.com/fr/imgs/returns/ReturnsWorkflow6-2.svg]
[www.shipito.com/fr/imgs/business/fulfill/Fulfillment_MiddleBanner.jpg]
[www.shipito.com/fr/imgs/business/fulfill/FulfillmentBanner_Mobile.jpg]
[www.shipito.com/fr/imgs/business/fulfill/Fulfillment_MiddleBannerMobile.jpg]
[www.shipito.com/fr/imgs/business/fulfill/Fulfillment1.jpg]
[www.shipito.com/fr/imgs/business/fulfill/IntergratedFulfillment_arrow.svg]
[www.shipito.com/fr/imgs/business/fulfill/IntergratedFulfillment_1.svg]
[www.shipito.com/fr/imgs/business/fulfill/IntergratedFulfillment_2.svg]
[www.shipito.com/fr/imgs/business/fulfill/IntergratedFulfillment_6.svg]
[www.shipito.com/fr/imgs/business/fulfill/IntergratedFulfillment_3.svg]
[www.shipito.com/fr/imgs/business/fulfill/IntergratedFulfillment_5.svg]
[www.shipito.com/fr/imgs/business/fulfill/IntergratedFulfillment_4.svg]
[www.shipito.com/fr/imgs/business/fulfill/OrderFulfillmentAutomated.svg]
[www.shipito.com/fr/imgs/business/fulfill/SecureWarehouseStorage.svg]
[www.shipito.com/fr/shipito-for-business/fulfillment.html]
[www.shipito.com/fr/imgs/landing/verishop/VerishopAPI&Intergrations.svg]
[www.shipito.com/fr/imgs/business/fulfill/WhiteCheckedCircle.svg]
[www.shipito.com/fr/imgs/business/api/API_Header.svg]
[www.shipito.com/en/imgs/home/Video_Icon.png]
[www.shipito.com/fr/imgs/business/api/API1.jpg]
[www.shipito.com/fr/imgs/business/api/API2.jpg]
[www.shipito.com/fr/imgs/business/api/API3.jpg]
[www.shipito.com/fr/imgs/landing/verishop/Verishop_OrderPlaced.svg]
[www.shipito.com/fr/imgs/landing/verishop/Verishop_Workflow1.svg]
[www.shipito.com/fr/imgs/landing/verishop/Verishop_Info.svg]
[www.shipito.com/fr/imgs/landing/verishop/Verishop_Workflow2.svg]
[www.shipito.com/fr/imgs/landing/verishop/Verishop_StandardFulfillment.svg]
[www.shipito.com/fr/imgs/landing/verishop/Verishop_Pick&Pack.svg]
[www.shipito.com/fr/imgs/landing/verishop/Verishop_Workflow3.svg]
[www.shipito.com/fr/imgs/landing/verishop/Verishop_Reviews.svg]
[www.shipito.com/fr/shipito-for-business/api.html]
[www.shipito.com/fr/imgs/pricing/Service 1.svg]
[www.shipito.com/fr/imgs/pricing/Service 2.svg]
[www.shipito.com/fr/imgs/pricing/Service 3.svg]
[www.shipito.com/fr/imgs/pricing/Service 4.svg]
[www.shipito.com/fr/imgs/pricing/Service 5.svg]
[www.shipito.com/fr/imgs/pricing/Service 6.svg]
[www.shipito.com/fr/imgs/pricing/Service 7.svg]
[www.shipito.com/fr/imgs/pricing/Service 8.svg]
[www.shipito.com/fr/imgs/pricing/Service 9.svg]
[www.shipito.com/fr/imgs/pricing/Overweight.svg]
[www.shipito.com/fr/imgs/pricing/WarehouseIcon.svg]
[www.shipito.com/fr/imgs/landing/verishop/Verishop_Return.svg]
[www.shipito.com/fr/form-1583/instructions-1583.html]
[www.shipito.com/fr/imgs/help/Shipito_address_81.png]
[www.shipito.com/fr/help/faq/getting-started.html]
[www.shipito.com/fr/imgs/help/1.svg]
[www.shipito.com/fr/help/faq/packages.html]
[www.shipito.com/fr/imgs/help/2.svg]
[www.shipito.com/fr/imgs/help/3.svg]
[www.shipito.com/fr/imgs/Where-do-I-find-my-shipito-address-French.png]
[www.shipito.com/fr/imgs/Where-do-I-manage-my-billing-and-shipping-addresse]
[www.shipito.com/fr/imgs/How-can-I-change-my-account-membership-plan-French]
[www.shipito.com/fr/imgs/Can-I-receive-packages-under-another-name-French2]
[www.shipito.com/fr/imgs/How-do-I-open-a-support-ticket-French.png]
[www.shipito.com/fr/imgs/How-do-I-view-my-support-tickets-French.png]
[www.shipito.com/fr/imgs/How-can-I-cancel-my-account-French2.png]
[www.shipito.com/fr/imgs/How-do-I-change-my-Shipito-address-FrenchREV.jpg]
[www.shipito.com/fr/help/faq/account-navigation.html]
[www.shipito.com/fr/imgs/help/4.svg]
[www.shipito.com/fr/imgs/How-can-I-find-my-tracking-number-French.png]
[www.shipito.com/fr/imgs/The-shipping-method-I-want-to-use-French.png]
[www.shipito.com/fr/ship-perfume.html]
[www.shipito.com/fr/imgs/How-do-I-fill-out-the-customs-declaration-French.p]
[www.shipito.com/fr/imgs/Where-do-I-upload-the-MSDS-form-French.png]
[www.shipito.com/fr/imgs/Do-I-need-to-write-anything-on-my-customs-form-to-]
[www.shipito.com/fr/help/faq/carrier-tracking.html]
[www.shipito.com/fr/imgs/help/5.svg]
[www.shipito.com/fr/imgs/How-do-I-complete-the-customs-declaration-French.p]
[www.shipito.com/fr/help/faq/customs.html]
[www.shipito.com/fr/imgs/help/6.svg]
[www.shipito.com/fr/imgs/help/11 How do I place a consolidation request%0D%0A.pn]
[www.shipito.com/fr/imgs/help/14 How does consolidation of packages work.png]
[www.shipito.com/fr/imgs/help/15 How does consolidation of packages work.png]
[www.shipito.com/fr/help/faq/services.html]
[www.shipito.com/fr/imgs/help/8.svg]
[www.shipito.com/fr/imgs/help/Boleto slip.png]
[www.shipito.com/fr/imgs/help/Boleto.png]
[www.shipito.com/fr/imgs/How-do-I-request-a-refund-French.png]
[www.shipito.com/fr/help/faq/payments.html]
[www.shipito.com/fr/imgs/help/9.svg]
[www.shipito.com/fr/imgs/help/6382f90b1be2a08030cbede56a82e2be.png]
[www.shipito.com/fr/imgs/help/5a2585d7efd4384dc6efc9188317d1f8.png]
[www.shipito.com/fr/help/faq/claims.html]
[www.shipito.com/fr/imgs/help/11.svg]
[www.shipito.com/fr/help/faq/affiliate-faq.html]
[www.shipito.com/fr/imgs/help/AffiliateIcon.svg]
[www.shipito.com/fr/help/faq/shipito-membership-faq.html]
[www.shipito.com/fr/imgs/help/packages.svg]
[www.shipito.com/fr/imgs/navigation/DownArrow.svg]
[www.shipito.com/fr/imgs/navigation/UpArrow.svg]
[www.shipito.com/fr/imgs/shipmethods/Note.svg]
[www.shipito.com/fr/imgs/shipmethods/Size.svg]
[www.shipito.com/fr/imgs/shipmethods/Tracking.svg]
[www.shipito.com/fr/imgs/shipmethods/Weight.svg]
[www.shipito.com/fr/imgs/shipmethods/UPS_logo2.svg]
[www.shipito.com/fr/imgs/navigation/ExclamationMark.svg]
[www.shipito.com/fr/imgs/shipmethods/Preferred Carrier.svg]
[www.shipito.com/fr/imgs/shipmethods/DHL_Express.svg]
[www.shipito.com/fr/imgs/shipmethods/ShipitoAsiaDirect.svg]
[www.shipito.com/styles/v2/prohibited-items.css]
[www.shipito.com/fr/imgs/prohibited/X.svg]
[www.shipito.com/fr/imgs/prohibited/Checkmark.svg]
[www.shipito.com/fr/imgs/prohibited/AlcoholProhibitionUSA_Rev (1).svg]
[www.shipito.com/fr/imgs/prohibited/AlcoholProhibitionAustria_Rev.svg]
[www.shipito.com/fr/imgs/prohibited/AlcoholProhibitionJapan.svg]
[www.shipito.com/fr/imgs/navigation/Check mark.svg]
[widget.trustpilot.com/bootstrap/v5/tp.widget.bootstrap.min.js]
[www.shipito.com/fr/imgs/affiliate/AffiliateProgram_Banner1.svg]
[www.shipito.com/fr/imgs/affiliate/AffiliateProgram_BannerMobile.svg]
[www.shipito.com/fr/imgs/affiliate/flowchart1.svg]
[www.shipito.com/fr/imgs/affiliate/speechbubble2.svg]
[www.shipito.com/fr/imgs/affiliate/flowchart1m1.svg]
[www.shipito.com/fr/imgs/affiliate/flowchart1m2.svg]
[www.shipito.com/fr/imgs/affiliate/flowchart2.svg]
[www.shipito.com/fr/imgs/affiliate/Andrew.svg]
[www.shipito.com/fr/imgs/affiliate/Anny.svg]
[www.shipito.com/fr/imgs/affiliate/Bruno.svg]
[www.shipito.com/fr/imgs/affiliate/David.svg]
[www.shipito.com/fr/imgs/directsales/Partners_Globe.svg]
[www.shipito.com/fr/imgs/directsales/Partner_Step1Cropped.svg]
[www.shipito.com/fr/imgs/directsales/Partner_Step2a Cropped.svg]
[www.shipito.com/fr/imgs/directsales/Partner_Step2bRev.svg]
[www.shipito.com/fr/imgs/directsales/Partner_Step3Cropped.svg]
[www.shipito.com/fr/imgs/directsales/Partner_Step4_6.15.23.svg]
[www.shipito.com/fr/imgs/directsales/Partner_Step4_M_6.15.23.svg]
[www.shipito.com/fr/imgs/home/BannerArrowLeft.html]
[www.shipito.com/fr/imgs/home/close.svg]
[www.shipito.com/fr/imgs/LowerBanner2.svg]
[www.shipito.com/fr/imgs/LowerBanner3.svg]
[www.shipito.com/fr/imgs/Step1.svg]
[www.shipito.com/fr/imgs/Step2.svg]
[www.shipito.com/fr/imgs/Step3.svg]
[www.shipito.com/fr/imgs/Step4.svg]
[www.shipito.com/fr/imgs/LowerBanner1.svg]
[www.shipito.com/fr/imgs/fast-mailout/topbannerm-fm.svg]
[www.shipito.com/fr/imgs/locations/Map CA.svg]
[www.shipito.com/fr/imgs/locations/Map OR.svg]
[www.shipito.com/fr/imgs/locations/Map AU.svg]
[www.shipito.com/fr/imgs/howitworks/Assects_down arrow.svg]
[www.shipito.com/fr/imgs/fast-mailout/shipmethods_7.6.23.svg]
[www.shipito.com/fr/imgs/fast-mailout/paymethods.svg]
[www.shipito.com/fr/imgs/fast-mailout/FastMailoutStep3.svg]
[www.shipito.com/fr/imgs/assistedpurchase/circle1.svg]
[www.shipito.com/fr/imgs/assistedpurchase/step1.svg]
[www.shipito.com/fr/imgs/assistedpurchase/circle2.svg]
[www.shipito.com/fr/imgs/assistedpurchase/step2.svg]
[www.shipito.com/fr/imgs/assistedpurchase/circle3.svg]
[www.shipito.com/fr/imgs/assistedpurchase/step8.svg]
[www.shipito.com/fr/imgs/assistedpurchase/Passport.svg]
[www.shipito.com/fr/imgs/assistedpurchase/ID.svg]
[www.shipito.com/fr/imgs/assistedpurchase/packages.svg]
[www.shipito.com/fr/imgs/assistedpurchase/CreditCard.svg]
[www.shipito.com/fr/imgs/assistedpurchase/Bitpay.svg]
[www.shipito.com/fr/imgs/assistedpurchase/Wire.svg]
[www.shipito.com/fr/imgs/home/PopularItemsArrowLeft.html]
[www.shipito.com/fr/newsroom/shipito-announces-partnership-with-verishop-nov-22.html]
[www.shipito.com/fr/newsroom/shipito-launches-shipito-for-business-oct-22.html]
[www.shipito.com/fr/newsroom/see-shipito-on-rtl-oct-22.html]
[www.shipito.com/fr/imgs/signup/Map.svg]
[www.shipito.com/fr/imgs/usunlocked/US_Unlocked.svg]
[www.shipito.com/styles/account/styles.css]
[www.shipito.com/styles/account/securestyles.css]
[www.shipito.com/styles/v2/popups.css]
[www.shipito.com/fr/imgs/navigation/Language icon.svg]
[www.shipito.com/fr/imgs/rewards/icons/AnnualMembership.html]
[www.shipito.com/fr/imgs/rewards/icons/ReferAFriend2.html]
[www.shipito.com/fr/imgs/business/returns/Returns2.svg]
[www.shipito.com/fr/imgs/business/returns/Returns3.svg]
[www.shipito.com/fr/imgs/business/returns/Returns4.svg]
[www.shipito.com/fr/imgs/returns/ReturnsChecked.svg]
[www.shipito.com/fr/imgs/returns/Returns_PackageProcessing.svg]
[www.shipito.com/fr/imgs/returns/Returns_OneOpen-boxPhoto.svg]
[www.shipito.com/fr/imgs/returns/Returns_DescriptionOfContents .svg]
[www.shipito.com/fr/imgs/returns/Triangle.svg]
[www.shipito.com/fr/imgs/business/api/Crown.svg]
[www.shipito.com/fr/imgs/returns/Returns_VisualDamage.svg]
[www.shipito.com/fr/imgs/returns/Returns_3Photos.svg]
[www.shipito.com/fr/imgs/returns/ReturnsWorkflow1.svg]
[www.shipito.com/fr/imgs/returns/ReturnsWorkflow2.svg]
[www.shipito.com/fr/imgs/returns/ReturnsWorkflow3.svg]
[www.shipito.com/fr/imgs/returns/ReturnsWorkflow4.svg]
[www.shipito.com/fr/imgs/returns/ReturnsWorkflow5.svg]
[www.shipito.com/fr/imgs/returns/ReturnsWorkflow6-1.svg]
[www.shipito.com/fr/imgs/returns/ReturnsWorkflow6-2.svg]
[www.shipito.com/fr/imgs/business/fulfill/IntergratedFulfillment_arrow.svg]
[www.shipito.com/fr/imgs/business/fulfill/IntergratedFulfillment_1.svg]
[www.shipito.com/fr/imgs/business/fulfill/IntergratedFulfillment_2.svg]
[www.shipito.com/fr/imgs/business/fulfill/IntergratedFulfillment_6.svg]
[www.shipito.com/fr/imgs/business/fulfill/IntergratedFulfillment_3.svg]
[www.shipito.com/fr/imgs/business/fulfill/IntergratedFulfillment_5.svg]
[www.shipito.com/fr/imgs/business/fulfill/IntergratedFulfillment_4.svg]
[www.shipito.com/fr/imgs/business/fulfill/SecureWarehouseStorage.svg]
[www.shipito.com/fr/imgs/business/fulfill/OrderFulfillmentAutomated.svg]
[www.shipito.com/fr/imgs/business/fulfill/WhiteCheckedCircle.svg]
[www.shipito.com/fr/imgs/business/api/API_Header.svg]
[www.shipito.com/fr/imgs/landing/verishop/Verishop_OrderPlaced.svg]
[www.shipito.com/fr/imgs/landing/verishop/Verishop_Workflow1.svg]
[www.shipito.com/fr/imgs/landing/verishop/Verishop_Info.svg]
[www.shipito.com/fr/imgs/landing/verishop/Verishop_Workflow2.svg]
[www.shipito.com/fr/imgs/landing/verishop/Verishop_StandardFulfillment.svg]
[www.shipito.com/fr/imgs/landing/verishop/Verishop_Pick&Pack.svg]
[www.shipito.com/fr/imgs/landing/verishop/Verishop_Workflow3.svg]
[www.shipito.com/fr/imgs/landing/verishop/Verishop_Reviews.svg]
[www.shipito.com/fr/imgs/landing/verishop/Verishop_Return.svg]
[www.shipito.com/fr/form-1583/instructions-1583.html]
[www.shipito.com/fr/imgs/perfume/MidBanner.jpg]
[www.shipito.com/fr/imgs/brazildg/BrazilDGLarge.jpg]
[www.shipito.com/fr/imgs/perfume/MidBannerMob.jpg]
[www.shipito.com/fr/imgs/brazildg/BrazilDG_Mobile.jpg]
[www.shipito.com/fr/imgs/brazildg/Perfume&Cologne.jpg]
[www.shipito.com/fr/imgs/brazildg/Perfumania.svg]
[www.shipito.com/fr/imgs/brazildg/fragranceNet.svg]
[www.shipito.com/fr/ship-perfume.html]
[www.shipito.com/fr/imgs/navigation/UpArrow.html]
[www.shipito.com/fr/imgs/shipmethods/UPS_logo2.html]
[www.shipito.com/fr/imgs/brazildg/Perfume.svg]
[www.shipito.com/fr/imgs/landing/verishop/Verishop_Workflow3.html]
[www.shipito.com/fr/imgs/brazildg/Perfumania.svg]
[www.shipito.com/fr/imgs/brazildg/fragranceNet.svg]
[www.shipito.com/fr/imgs/brazildg/Perfume.svg]
[www.shipito.com/en/imgs/account/loginbackground.html]
[www.shipito.com/en/not-found.2f57eda.delayed]
[www.shipito.com/fr/xhr.html]
[www.shipito.com/fr/GET.html]
[www.shipito.com/en/not-found54b6]
[www.shipito.com/fr/lib/widget-management.html]
[www.shipito.com/fr/imgs/affiliate/FlowChart1.html]
[www.shipito.com/fr/imgs/affiliate/speechbubble2.html]
[www.shipito.com/fr/imgs/directsales/Partner_Step3Cropped.html]
[www.shipito.com/fr/imgs/assistedpurchase/CreditCard.html]
[www.shipito.com/fr/imgs/assistedpurchase/Bitpay.html]
[www.shipito.com/fr/imgs/assistedpurchase/Wire.html]
[www.shipito.com/fr/imgs/signup/Map.html]
[www.shipito.com/en/not-found7eda.html]
[www.shipito.com/en/not-found54b6.html]
